// Jest Snapshot v1, https://goo.gl/fbAQLP

exports[`constants should match the snapshot 1`] = `
Object {
  "GITHUB.GITHUB_GET_REPOS_FAILURE": "GITHUB.GITHUB_GET_REPOS_FAILURE",
  "GITHUB.GITHUB_GET_REPOS_REQUEST": "GITHUB.GITHUB_GET_REPOS_REQUEST",
  "GITHUB.GITHUB_GET_REPOS_SUCCESS": "GITHUB.GITHUB_GET_REPOS_SUCCESS",
  "ALERT.HIDE_ALERT": "ALERT.HIDE_ALERT",
  "ALERT.SHOW_ALERT": "ALERT.SHOW_ALERT",
  "USER.USER_LOGIN_FAILURE": "USER.USER_LOGIN_FAILURE",
  "USER.USER_LOGIN_REQUEST": "USER.USER_LOGIN_REQUEST",
  "USER.USER_LOGIN_SUCCESS": "USER.USER_LOGIN_SUCCESS",
  "USER.USER_LOGOUT_FAILURE": "USER.USER_LOGOUT_FAILURE",
  "USER.USER_LOGOUT_REQUEST": "USER.USER_LOGOUT_REQUEST",
  "USER.USER_LOGOUT_SUCCESS": "USER.USER_LOGOUT_SUCCESS",
}
`;
